** Drc report for /home/ewald/CAD/git/HomeAutomation/AsksinPP_developments/PCBs/HB-UNI-SEN-BATT_ATMega1284P_E07-868MS10_FRAM_FUEL4EP/HB-UNI-SEN-BATT_ATMega1284P_E07-868MS10_FRAM_FUEL4EP.kicad_pcb **
** Created on 2023-07-25 15:33:21 **

** Found 5 DRC violations **
[silk_over_copper]: Bestückungsdruck schneidet Lötstoppmaske
    Rule: Platinenkonfigurations-Bestückungsdruck-Einschränkungen; Severity: warning
    @(52.6700 mm, 56.8105 mm): Linie auf F.Silkscreen
    @(51.5108 mm, 55.2000 mm): Durchlochpad 1 [<no net>] von H8
[silk_over_copper]: Bestückungsdruck schneidet Lötstoppmaske
    Rule: Platinenkonfigurations-Bestückungsdruck-Einschränkungen; Severity: warning
    @(37.4300 mm, 56.8105 mm): Linie auf F.Silkscreen
    @(23.5108 mm, 55.2000 mm): Durchlochpad 1 [<no net>] von H6
[silk_over_copper]: Bestückungsdruck schneidet Lötstoppmaske
    Rule: Platinenkonfigurations-Bestückungsdruck-Einschränkungen; Severity: warning
    @(52.6700 mm, 56.8105 mm): Linie auf F.Silkscreen
    @(51.5108 mm, 55.2000 mm): Durchlochpad 1 [<no net>] von H8
[silk_over_copper]: Bestückungsdruck schneidet Lötstoppmaske
    Rule: Platinenkonfigurations-Bestückungsdruck-Einschränkungen; Severity: warning
    @(50.0030 mm, 58.0805 mm): PCB-Text "I2C" auf F.Silkscreen
    @(51.5108 mm, 55.2000 mm): Durchlochpad 1 [<no net>] von H8
[silk_over_copper]: Bestückungsdruck schneidet Lötstoppmaske
    Rule: Platinenkonfigurations-Bestückungsdruck-Einschränkungen; Severity: warning
    @(22.1900 mm, 56.8105 mm): Linie auf F.Silkscreen
    @(23.5108 mm, 55.2000 mm): Durchlochpad 1 [<no net>] von H6

** Found 0 unconnected pads **

** Found 1 Footprint errors **
[missing_footprint]: Fehlender Footprint Dummy1 (Waveshare_1.54_inch_epaper_dummy)
    Local override; Severity: warning

** End of Report **
