** Drc report for HB-UNI-SEN-BATT_FUEL4EP.kicad_pcb **
** Created on 2025-01-25T17:51:57+0100 **

** Found 17 DRC violations **
[silk_over_copper]: Bestückungsdruck schneidet Lötstoppmaske
    Local override; warning
    @(26.0000 mm, -72.9900 mm): Kreis auf B.Silkscreen
[silk_over_copper]: Bestückungsdruck schneidet Lötstoppmaske
    Local override; warning
    @(28.5400 mm, -72.9900 mm): Kreis auf B.Silkscreen
[silk_over_copper]: Bestückungsdruck schneidet Lötstoppmaske
    Local override; warning
    @(31.0800 mm, -72.9900 mm): Kreis auf B.Silkscreen
[silk_over_copper]: Bestückungsdruck schneidet Lötstoppmaske
    Local override; warning
    @(33.6200 mm, -72.9900 mm): Kreis auf B.Silkscreen
[silk_over_copper]: Bestückungsdruck schneidet Lötstoppmaske
    Local override; warning
    @(36.1600 mm, -72.9900 mm): Kreis auf B.Silkscreen
[silk_over_copper]: Bestückungsdruck schneidet Lötstoppmaske
    Local override; warning
    @(38.7000 mm, -72.9900 mm): Kreis auf B.Silkscreen
[silk_over_copper]: Bestückungsdruck schneidet Lötstoppmaske
    Local override; warning
    @(26.0000 mm, -72.9900 mm): Kreis auf F.Silkscreen
[silk_over_copper]: Bestückungsdruck schneidet Lötstoppmaske
    Local override; warning
    @(28.5400 mm, -72.9900 mm): Kreis auf F.Silkscreen
[silk_over_copper]: Bestückungsdruck schneidet Lötstoppmaske
    Local override; warning
    @(31.0800 mm, -72.9900 mm): Kreis auf F.Silkscreen
[silk_over_copper]: Bestückungsdruck schneidet Lötstoppmaske
    Local override; warning
    @(33.6200 mm, -72.9900 mm): Kreis auf F.Silkscreen
[silk_over_copper]: Bestückungsdruck schneidet Lötstoppmaske
    Local override; warning
    @(36.1600 mm, -72.9900 mm): Kreis auf F.Silkscreen
[silk_over_copper]: Bestückungsdruck schneidet Lötstoppmaske
    Local override; warning
    @(37.4300 mm, -61.5600 mm): Kreis auf F.Silkscreen
[silk_over_copper]: Bestückungsdruck schneidet Lötstoppmaske
    Local override; warning
    @(37.4300 mm, -59.0200 mm): Kreis auf F.Silkscreen
[silk_over_copper]: Bestückungsdruck schneidet Lötstoppmaske
    Local override; warning
    @(38.7000 mm, -72.9900 mm): Kreis auf F.Silkscreen
[silk_over_copper]: Bestückungsdruck schneidet Lötstoppmaske
    Local override; warning
    @(23.2800 mm, -33.5550 mm): Kreis auf F.Silkscreen
[silk_over_copper]: Bestückungsdruck schneidet Lötstoppmaske
    Local override; warning
    @(23.2800 mm, -28.5550 mm): Kreis auf F.Silkscreen
[silk_edge_clearance]: Bestückungsdruck von Platinenkante abgeschnitten
    Rule: Einschränkungen aus Platinenkonfiguration zum Bestückungsdruck; warning
    @(23.2500 mm, -73.5000 mm): Kreisbogen auf Edge.Cuts
    @(41.2400 mm, -74.2600 mm): Abschnitt auf F.Silkscreen

** Found 0 unconnected pads **

** Found 0 Footprint errors **

** End of Report **
