** Drc report for /home/ewald/Arduino/Backups/HomeAutomation/AsksinPP_developments/PCBs/HB-UNI-SEN-BATT_E07-900MM10S_FUEL4EP/HB-UNI-SEN-BATT_E07-900MM10S_FUEL4EP.kicad_pcb **
** Created on 2023-09-11 09:33:33 **

** Found 15 DRC violations **
[silk_over_copper]: Bestückungsdruck schneidet Lötstoppmaske
    Rule: Platinenkonfigurations-Bestückungsdruck-Einschränkungen; Severity: warning (excluded)
    @(37.4300 mm, -61.5600 mm): Kreis auf F.Silkscreen
    @(37.4300 mm, -61.5600 mm): Durchlochpad 3E [/SCL] von Module2
[silk_over_copper]: Bestückungsdruck schneidet Lötstoppmaske
    Rule: Platinenkonfigurations-Bestückungsdruck-Einschränkungen; Severity: warning (excluded)
    @(37.4300 mm, -59.0200 mm): Kreis auf F.Silkscreen
    @(37.4300 mm, -59.0200 mm): Durchlochpad 4E [/SDA] von Module2
[silk_over_copper]: Bestückungsdruck schneidet Lötstoppmaske
    Rule: Platinenkonfigurations-Bestückungsdruck-Einschränkungen; Severity: warning (excluded)
    @(33.6200 mm, -72.9900 mm): Kreis auf F.Silkscreen
    @(33.6200 mm, -72.9900 mm): Durchlochpad 4D [unconnected-(Module2-Pad4D)] von Module2
[silk_over_copper]: Bestückungsdruck schneidet Lötstoppmaske
    Rule: Platinenkonfigurations-Bestückungsdruck-Einschränkungen; Severity: warning (excluded)
    @(36.1600 mm, -72.9900 mm): Kreis auf F.Silkscreen
    @(36.1600 mm, -72.9900 mm): Durchlochpad 5D [unconnected-(Module2-Pad5D)] von Module2
[silk_over_copper]: Bestückungsdruck schneidet Lötstoppmaske
    Rule: Platinenkonfigurations-Bestückungsdruck-Einschränkungen; Severity: warning (excluded)
    @(38.7000 mm, -72.9900 mm): Kreis auf F.Silkscreen
    @(38.7000 mm, -72.9900 mm): Durchlochpad 6D [unconnected-(Module2-Pad6D)] von Module2
[silk_over_copper]: Bestückungsdruck schneidet Lötstoppmaske
    Rule: Platinenkonfigurations-Bestückungsdruck-Einschränkungen; Severity: warning (excluded)
    @(31.0800 mm, -72.9900 mm): Kreis auf F.Silkscreen
    @(31.0800 mm, -72.9900 mm): Durchlochpad 3D [unconnected-(Module2-Pad3D)] von Module2
[silk_over_copper]: Bestückungsdruck schneidet Lötstoppmaske
    Rule: Platinenkonfigurations-Bestückungsdruck-Einschränkungen; Severity: warning (excluded)
    @(28.5400 mm, -72.9900 mm): Kreis auf F.Silkscreen
    @(28.5400 mm, -72.9900 mm): Durchlochpad 2D [unconnected-(Module2-Pad2D)] von Module2
[silk_over_copper]: Bestückungsdruck schneidet Lötstoppmaske
    Rule: Platinenkonfigurations-Bestückungsdruck-Einschränkungen; Severity: warning (excluded)
    @(26.0000 mm, -72.9900 mm): Kreis auf F.Silkscreen
    @(26.0000 mm, -72.9900 mm): Durchlochpad 1D [unconnected-(Module2-Pad1D)] von Module2
[silk_over_copper]: Bestückungsdruck schneidet Lötstoppmaske
    Rule: Platinenkonfigurations-Bestückungsdruck-Einschränkungen; Severity: warning (excluded)
    @(38.7000 mm, -72.9900 mm): Kreis auf B.Silkscreen
    @(38.7000 mm, -72.9900 mm): Durchlochpad 6D [unconnected-(Module2-Pad6D)] von Module2
[silk_over_copper]: Bestückungsdruck schneidet Lötstoppmaske
    Rule: Platinenkonfigurations-Bestückungsdruck-Einschränkungen; Severity: warning (excluded)
    @(33.6200 mm, -72.9900 mm): Kreis auf B.Silkscreen
    @(33.6200 mm, -72.9900 mm): Durchlochpad 4D [unconnected-(Module2-Pad4D)] von Module2
[silk_over_copper]: Bestückungsdruck schneidet Lötstoppmaske
    Rule: Platinenkonfigurations-Bestückungsdruck-Einschränkungen; Severity: warning (excluded)
    @(36.1600 mm, -72.9900 mm): Kreis auf B.Silkscreen
    @(36.1600 mm, -72.9900 mm): Durchlochpad 5D [unconnected-(Module2-Pad5D)] von Module2
[silk_over_copper]: Bestückungsdruck schneidet Lötstoppmaske
    Rule: Platinenkonfigurations-Bestückungsdruck-Einschränkungen; Severity: warning (excluded)
    @(31.0800 mm, -72.9900 mm): Kreis auf B.Silkscreen
    @(31.0800 mm, -72.9900 mm): Durchlochpad 3D [unconnected-(Module2-Pad3D)] von Module2
[silk_over_copper]: Bestückungsdruck schneidet Lötstoppmaske
    Rule: Platinenkonfigurations-Bestückungsdruck-Einschränkungen; Severity: warning (excluded)
    @(26.0000 mm, -72.9900 mm): Kreis auf B.Silkscreen
    @(26.0000 mm, -72.9900 mm): Durchlochpad 1D [unconnected-(Module2-Pad1D)] von Module2
[silk_over_copper]: Bestückungsdruck schneidet Lötstoppmaske
    Rule: Platinenkonfigurations-Bestückungsdruck-Einschränkungen; Severity: warning (excluded)
    @(28.5400 mm, -72.9900 mm): Kreis auf B.Silkscreen
    @(28.5400 mm, -72.9900 mm): Durchlochpad 2D [unconnected-(Module2-Pad2D)] von Module2
[silk_over_copper]: Bestückungsdruck schneidet Lötstoppmaske
    Rule: Platinenkonfigurations-Bestückungsdruck-Einschränkungen; Severity: warning (excluded)
    @(23.2500 mm, -73.5000 mm): Kreisbogen auf Edge.Cuts
    @(41.2400 mm, -74.2600 mm): Linie auf F.Silkscreen

** Found 0 unconnected pads **

** Found 0 Footprint errors **

** End of Report **
