** Drc report for /home/ewald/CAD/git/HomeAutomation/AsksinPP_developments/PCBs/HB-UNI-SenAct-4-4-SC_DS_FUEL4EP/HB-UNI-SenAct-4-4-SC_DS_FUEL4EP_PCB.kicad_pcb **
** Created on 2023-07-22 16:00:49 **

** Found 15 DRC violations **
[silk_over_copper]: Bestückungsdruck schneidet Lötstoppmaske
    Rule: Platinenkonfigurations-Bestückungsdruck-Einschränkungen; Severity: warning
    @(10.1600 mm, 41.9100 mm): Kreis auf F.Silkscreen
    @(10.1600 mm, 41.9100 mm): Durchlochpad 2D [unconnected-(Module1-Pad2D)] von Module1
[silk_over_copper]: Bestückungsdruck schneidet Lötstoppmaske
    Rule: Platinenkonfigurations-Bestückungsdruck-Einschränkungen; Severity: warning
    @(10.1600 mm, 44.4500 mm): Kreis auf F.Silkscreen
    @(10.1600 mm, 44.4500 mm): Durchlochpad 1D [unconnected-(Module1-Pad1D)] von Module1
[silk_over_copper]: Bestückungsdruck schneidet Lötstoppmaske
    Rule: Platinenkonfigurations-Bestückungsdruck-Einschränkungen; Severity: warning
    @(10.1600 mm, 39.3700 mm): Kreis auf F.Silkscreen
    @(10.1600 mm, 39.3700 mm): Durchlochpad 3D [unconnected-(Module1-Pad3D)] von Module1
[silk_over_copper]: Bestückungsdruck schneidet Lötstoppmaske
    Rule: Platinenkonfigurations-Bestückungsdruck-Einschränkungen; Severity: warning
    @(10.1600 mm, 36.8300 mm): Kreis auf F.Silkscreen
    @(10.1600 mm, 36.8300 mm): Durchlochpad 4D [unconnected-(Module1-Pad4D)] von Module1
[silk_over_copper]: Bestückungsdruck schneidet Lötstoppmaske
    Rule: Platinenkonfigurations-Bestückungsdruck-Einschränkungen; Severity: warning
    @(10.1600 mm, 31.7500 mm): Kreis auf F.Silkscreen
    @(10.1600 mm, 31.7500 mm): Durchlochpad 6D [unconnected-(Module1-Pad6D)] von Module1
[silk_over_copper]: Bestückungsdruck schneidet Lötstoppmaske
    Rule: Platinenkonfigurations-Bestückungsdruck-Einschränkungen; Severity: warning
    @(10.1600 mm, 34.2900 mm): Kreis auf F.Silkscreen
    @(10.1600 mm, 34.2900 mm): Durchlochpad 5D [unconnected-(Module1-Pad5D)] von Module1
[silk_over_copper]: Bestückungsdruck schneidet Lötstoppmaske
    Rule: Platinenkonfigurations-Bestückungsdruck-Einschränkungen; Severity: warning
    @(83.7350 mm, 39.9800 mm): Kreis auf F.Silkscreen
    @(83.7350 mm, 39.9800 mm): Durchlochpad 1A [GND] von Module2
[silk_over_copper]: Bestückungsdruck schneidet Lötstoppmaske
    Rule: Platinenkonfigurations-Bestückungsdruck-Einschränkungen; Severity: warning
    @(83.7350 mm, 44.9800 mm): Kreis auf F.Silkscreen
    @(83.7350 mm, 44.9800 mm): Durchlochpad 3A [GND] von Module2
[silk_over_copper]: Bestückungsdruck schneidet Lötstoppmaske
    Rule: Platinenkonfigurations-Bestückungsdruck-Einschränkungen; Severity: warning
    @(72.3900 mm, 22.8600 mm): Referenz "Q1"
    @(73.6600 mm, 23.3680 mm): Durchlochpad 1 [/minusBAT] von R12
[silk_over_copper]: Bestückungsdruck schneidet Lötstoppmaske
    Rule: Platinenkonfigurations-Bestückungsdruck-Einschränkungen; Severity: warning
    @(10.1600 mm, 34.2900 mm): Kreis auf B.Silkscreen
    @(10.1600 mm, 34.2900 mm): Durchlochpad 5D [unconnected-(Module1-Pad5D)] von Module1
[silk_over_copper]: Bestückungsdruck schneidet Lötstoppmaske
    Rule: Platinenkonfigurations-Bestückungsdruck-Einschränkungen; Severity: warning
    @(10.1600 mm, 31.7500 mm): Kreis auf B.Silkscreen
    @(10.1600 mm, 31.7500 mm): Durchlochpad 6D [unconnected-(Module1-Pad6D)] von Module1
[silk_over_copper]: Bestückungsdruck schneidet Lötstoppmaske
    Rule: Platinenkonfigurations-Bestückungsdruck-Einschränkungen; Severity: warning
    @(10.1600 mm, 41.9100 mm): Kreis auf B.Silkscreen
    @(10.1600 mm, 41.9100 mm): Durchlochpad 2D [unconnected-(Module1-Pad2D)] von Module1
[silk_over_copper]: Bestückungsdruck schneidet Lötstoppmaske
    Rule: Platinenkonfigurations-Bestückungsdruck-Einschränkungen; Severity: warning
    @(10.1600 mm, 39.3700 mm): Kreis auf B.Silkscreen
    @(10.1600 mm, 39.3700 mm): Durchlochpad 3D [unconnected-(Module1-Pad3D)] von Module1
[silk_over_copper]: Bestückungsdruck schneidet Lötstoppmaske
    Rule: Platinenkonfigurations-Bestückungsdruck-Einschränkungen; Severity: warning
    @(10.1600 mm, 44.4500 mm): Kreis auf B.Silkscreen
    @(10.1600 mm, 44.4500 mm): Durchlochpad 1D [unconnected-(Module1-Pad1D)] von Module1
[silk_over_copper]: Bestückungsdruck schneidet Lötstoppmaske
    Rule: Platinenkonfigurations-Bestückungsdruck-Einschränkungen; Severity: warning
    @(10.1600 mm, 36.8300 mm): Kreis auf B.Silkscreen
    @(10.1600 mm, 36.8300 mm): Durchlochpad 4D [unconnected-(Module1-Pad4D)] von Module1

** Found 0 unconnected pads **

** Found 0 Footprint errors **

** End of Report **
